// Jest Snapshot v1, https://goo.gl/fbAQLP

exports[`Home renders correctly 1`] = `
<_class>
  <ScrollViewMock
    style={
      Object {
        "height": "100%",
      }
    }
  >
    <Styled(ViewNB)
      style={
        Object {
          "paddingBottom": "25%",
        }
      }
    >
      <Connect(CalendarView)
        navigation={
          Object {
            "navigate": [MockFunction],
          }
        }
      />
      <PedometerSensor />
      <Connect(ShowSession) />
    </Styled(ViewNB)>
  </ScrollViewMock>
  <Styled(Fab)
    onPress={[Function]}
    position="bottomRight"
    style={
      Object {
        "backgroundColor": "#5067FF",
      }
    }
    testID="addSessionButton"
  >
    <Styled(Icon)
      name="add"
      style={
        Object {
          "fontSize": 34,
          "lineHeight": 34,
        }
      }
    />
  </Styled(Fab)>
</_class>
`;
