// Jest Snapshot v1, https://goo.gl/fbAQLP

exports[`ShowSession renders correctly 1`] = `
<Card
  style={
    Object {
      "backgroundColor": "#fff",
      "borderBottomWidth": 0.5,
      "borderColor": "#ccc",
      "borderLeftWidth": 0.5,
      "borderRadius": 2,
      "borderRightWidth": 0.5,
      "borderTopWidth": 0.5,
      "elevation": 3,
      "flexWrap": "nowrap",
      "marginBottom": 5,
      "marginLeft": 2,
      "marginRight": 2,
      "marginTop": 5,
      "shadowColor": "#000",
      "shadowOffset": Object {
        "height": 2,
        "width": 0,
      },
      "shadowOpacity": 0.1,
      "shadowRadius": 1.5,
    }
  }
>
  <Styled(CardItem)
    bordered={true}
    header={true}
  >
    <Styled(Text)>
       Session the
      <t
        ago={false}
        calendar={false}
        decimal={false}
        element={[Function]}
        filter={[Function]}
        format="DD.MM"
        fromNow={false}
        interval={60000}
        onChange={[Function]}
        titleFormat=""
        toNow={false}
        unit={null}
        unix={false}
        utc={false}
        withTitle={false}
      >
        <Component />
      </t>
    </Styled(Text)>
  </Styled(CardItem)>
  <Styled(CardItem)
    bordered={true}
  >
    <Styled(Text)>
      Title: 
      Test Exercise
       
    </Styled(Text)>
  </Styled(CardItem)>
  <Styled(CardItem)
    bordered={true}
  >
    <Styled(Body)>
      <Styled(Text)>
        Time:
        <t
          ago={false}
          calendar={false}
          decimal={false}
          element={[Function]}
          filter={[Function]}
          format="HH:mm"
          fromNow={false}
          interval={60000}
          onChange={[Function]}
          titleFormat=""
          toNow={false}
          unit={null}
          unix={false}
          utc={false}
          withTitle={false}
        >
          <Component />
        </t>
      </Styled(Text)>
    </Styled(Body)>
    <Styled(Right)>
      <Styled(Text)>
        (
        <t
          ago={false}
          calendar={false}
          decimal={false}
          element={[Function]}
          filter={[Function]}
          fromNow={false}
          interval={60000}
          onChange={[Function]}
          titleFormat=""
          toNow={true}
          unit={null}
          unix={false}
          utc={false}
          withTitle={false}
        >
          <Component />
        </t>
        )
      </Styled(Text)>
    </Styled(Right)>
  </Styled(CardItem)>
  <Styled(CardItem)
    bordered={true}
  >
    <Styled(Text)>
      With: 
      Kari Nordmann, PÃ¥l Hansen, Line Kristiansen
    </Styled(Text)>
  </Styled(CardItem)>
  <Styled(CardItem)
    bordered={true}
  >
    <Styled(Text)>
      Exercises: 
      Squat, Benchpress, Pullup, Row
    </Styled(Text)>
  </Styled(CardItem)>
</Card>
`;
